******************************************************************************
                  TI ARM Linker PC v5.2.9                      
******************************************************************************
>> Linked Wed Dec 20 15:52:36 2023

OUTPUT FILE NAME:   <LCD_working.out>
ENTRY POINT SYMBOL: "_c_int00"  address: 00000889


MEMORY CONFIGURATION

         name            origin    length      used     unused   attr    fill
----------------------  --------  ---------  --------  --------  ----  --------
  FLASH                 00000000   00040000  00000b49  0003f4b7  R  X
  SRAM                  20000000   00008000  00000218  00007de8  RW X


SEGMENT ALLOCATION MAP

run origin  load origin   length   init length attrs members
----------  ----------- ---------- ----------- ----- -------
00000000    00000000    00000b50   00000b50    r-x
  00000000    00000000    0000026c   0000026c    r-- .intvecs
  0000026c    0000026c    0000089c   0000089c    r-x .text
  00000b08    00000b08    00000009   00000009    r-- .const
  00000b18    00000b18    00000038   00000038    r-- .cinit
20000000    20000000    00000218   00000000    rw-
  20000000    20000000    00000200   00000000    rw- .stack
  20000200    20000200    00000014   00000000    rw- .data
  20000214    20000214    00000004   00000000    rw- .bss


SECTION ALLOCATION MAP

 output                                  attributes/
section   page    origin      length       input sections
--------  ----  ----------  ----------   ----------------
.intvecs   0    00000000    0000026c     
                  00000000    0000026c     startup_ccs.obj (.intvecs)

.text      0    0000026c    0000089c     
                  0000026c    00000132     driverlib.lib : gpio.obj (.text:GPIOPadConfigSet)
                  0000039e    00000002     startup_ccs.obj (.text:FaultISR)
                  000003a0    00000100     main_lcd.obj (.text:main)
                  000004a0    000000f4     driverlib.lib : sysctl.obj (.text:SysCtlClockSet)
                  00000594    0000009c     rtsv7M4_T_le_v4SPD16_eabi.lib : memcpy_t2.obj (.text)
                  00000630    0000007a                                   : memset_t2.obj (.text)
                  000006aa    00000002     startup_ccs.obj (.text:IntDefaultHandler)
                  000006ac    0000006c     rtsv7M4_T_le_v4SPD16_eabi.lib : autoinit.obj (.text)
                  00000718    0000006a                                   : copy_decompress_rle.obj (.text)
                  00000782    00000058     LCD.obj (.text:Lcd_Init)
                  000007da    00000002     startup_ccs.obj (.text:NmiSR)
                  000007dc    00000058     LCD.obj (.text:Lcd_Write_Char)
                  00000834    00000054     LCD.obj (.text:Lcd_Port)
                  00000888    00000050     rtsv7M4_T_le_v4SPD16_eabi.lib : boot.obj (.text)
                  000008d8    0000004c                                   : cpy_tbl.obj (.text)
                  00000924    00000044                                   : exit.obj (.text)
                  00000968    0000003c     LCD.obj (.text:Lcd_Cmd)
                  000009a4    00000038     driverlib.lib : sysctl.obj (.text:SysCtlPeripheralReady)
                  000009dc    00000034                   : sysctl.obj (.text:SysCtlPeripheralEnable)
                  00000a10    0000002a                   : gpio.obj (.text:GPIODirModeSet)
                  00000a3a    00000018                   : gpio.obj (.text:GPIOPinTypeGPIOOutput)
                  00000a52    00000002     --HOLE-- [fill = 0]
                  00000a54    00000018     rtsv7M4_T_le_v4SPD16_eabi.lib : args_main.obj (.text)
                  00000a6c    00000014     LCD.obj (.text:Lcd_Write_String)
                  00000a80    00000014     rtsv7M4_T_le_v4SPD16_eabi.lib : _lock.obj (.text)
                  00000a94    00000010     LCD.obj (.text:Lcd_Clear)
                  00000aa4    0000000e     driverlib.lib : uart.obj (.text:UARTCharGetNonBlocking)
                  00000ab2    0000000e                   : uart.obj (.text:UARTCharsAvail)
                  00000ac0    0000000e     rtsv7M4_T_le_v4SPD16_eabi.lib : copy_decompress_none.obj (.text:decompress:none)
                  00000ace    0000000c                                   : copy_zero_init.obj (.text:decompress:ZI)
                  00000ada    0000000c     LCD.obj (.text:delay_ms)
                  00000ae6    00000006     driverlib.lib : gpio.obj (.text:GPIOPinWrite)
                  00000aec    00000006     startup_ccs.obj (.text:ResetISR)
                  00000af2    00000006     driverlib.lib : sysctl.obj (.text:SysCtlDelay)
                  00000af8    00000006     rtsv7M4_T_le_v4SPD16_eabi.lib : copy_decompress_rle.obj (.text:decompress:rle24)
                  00000afe    00000006     LCD.obj (.text:delay_us)
                  00000b04    00000004     rtsv7M4_T_le_v4SPD16_eabi.lib : pre_init.obj (.text)

.const     0    00000b08    00000009     
                  00000b08    00000009     main_lcd.obj (.const:.string)

.cinit     0    00000b18    00000038     
                  00000b18    0000000f     (.cinit..data.load) [load image, compression = rle]
                  00000b27    00000001     --HOLE-- [fill = 0]
                  00000b28    0000000c     (__TI_handler_table)
                  00000b34    00000004     --HOLE-- [fill = 0]
                  00000b38    00000008     (.cinit..bss.load) [load image, compression = zero_init]
                  00000b40    00000010     (__TI_cinit_table)

.init_array 
*          0    00000000    00000000     UNINITIALIZED

.stack     0    20000000    00000200     UNINITIALIZED
                  20000000    00000200     --HOLE--

.data      0    20000200    00000014     UNINITIALIZED
                  20000200    00000008     rtsv7M4_T_le_v4SPD16_eabi.lib : _lock.obj (.data)
                  20000208    00000008                                   : exit.obj (.data)
                  20000210    00000004                                   : stkdepth_vars.obj (.data)

.bss       0    20000214    00000004     UNINITIALIZED
                  20000214    00000004     (.common:g_ui32SysClock)

.TI.persistent 
*          0    20000200    00000000     UNINITIALIZED

.TI.noinit 
*          0    20000214    00000000     UNINITIALIZED


LINKER GENERATED COPY TABLES

__TI_cinit_table @ 00000b40 records: 2, size/record: 8, table size: 16
	.data: load addr=00000b18, load size=0000000f bytes, run addr=20000200, run size=00000014 bytes, compression=rle
	.bss: load addr=00000b38, load size=00000008 bytes, run addr=20000214, run size=00000004 bytes, compression=zero_init


LINKER GENERATED HANDLER TABLE

__TI_handler_table @ 00000b28 records: 3, size/record: 4, table size: 12
	index: 0, handler: __TI_decompress_rle24
	index: 1, handler: __TI_decompress_none
	index: 2, handler: __TI_zero_init


GLOBAL SYMBOLS: SORTED ALPHABETICALLY BY Name 

address   name                    
-------   ----                    
00000925  C$$EXIT                 
00000a11  GPIODirModeSet          
0000026d  GPIOPadConfigSet        
00000a3b  GPIOPinTypeGPIOOutput   
00000ae7  GPIOPinWrite            
00000a95  Lcd_Clear               
00000969  Lcd_Cmd                 
00000783  Lcd_Init                
00000835  Lcd_Port                
000007dd  Lcd_Write_Char          
00000a6d  Lcd_Write_String        
00000aed  ResetISR                
UNDEFED   SHT$$INIT_ARRAY$$Base   
UNDEFED   SHT$$INIT_ARRAY$$Limit  
000004a1  SysCtlClockSet          
00000af3  SysCtlDelay             
000009dd  SysCtlPeripheralEnable  
000009a5  SysCtlPeripheralReady   
00000aa5  UARTCharGetNonBlocking  
00000ab3  UARTCharsAvail          
20000200  __STACK_END             
00000200  __STACK_SIZE            
20000200  __STACK_TOP             
00000b40  __TI_CINIT_Base         
00000b50  __TI_CINIT_Limit        
00000b28  __TI_Handler_Table_Base 
00000b34  __TI_Handler_Table_Limit
000006ad  __TI_auto_init          
20000208  __TI_cleanup_ptr        
00000ac1  __TI_decompress_none    
00000af9  __TI_decompress_rle24   
2000020c  __TI_dtors_ptr          
00000000  __TI_static_base__      
00000acf  __TI_zero_init          
00000631  __aeabi_memclr          
00000631  __aeabi_memclr4         
00000631  __aeabi_memclr8         
00000595  __aeabi_memcpy          
00000595  __aeabi_memcpy4         
00000595  __aeabi_memcpy8         
00000633  __aeabi_memset          
00000633  __aeabi_memset4         
00000633  __aeabi_memset8         
ffffffff  __binit__               
ffffffff  __c_args__              
20000000  __stack                 
00000a55  _args_main              
00000889  _c_int00                
20000200  _lock                   
00000a8f  _nop                    
00000a87  _register_lock          
00000a81  _register_unlock        
00000b05  _system_pre_init        
20000204  _unlock                 
00000929  abort                   
ffffffff  binit                   
000008d9  copy_in                 
00000adb  delay_ms                
00000aff  delay_us                
00000931  exit                    
00000000  g_pfnVectors            
20000214  g_ui32SysClock          
000003a1  main                    
20000210  main_func_sp            
00000595  memcpy                  
00000639  memset                  


GLOBAL SYMBOLS: SORTED BY Symbol Address 

address   name                    
-------   ----                    
00000000  __TI_static_base__      
00000000  g_pfnVectors            
00000200  __STACK_SIZE            
0000026d  GPIOPadConfigSet        
000003a1  main                    
000004a1  SysCtlClockSet          
00000595  __aeabi_memcpy          
00000595  __aeabi_memcpy4         
00000595  __aeabi_memcpy8         
00000595  memcpy                  
00000631  __aeabi_memclr          
00000631  __aeabi_memclr4         
00000631  __aeabi_memclr8         
00000633  __aeabi_memset          
00000633  __aeabi_memset4         
00000633  __aeabi_memset8         
00000639  memset                  
000006ad  __TI_auto_init          
00000783  Lcd_Init                
000007dd  Lcd_Write_Char          
00000835  Lcd_Port                
00000889  _c_int00                
000008d9  copy_in                 
00000925  C$$EXIT                 
00000929  abort                   
00000931  exit                    
00000969  Lcd_Cmd                 
000009a5  SysCtlPeripheralReady   
000009dd  SysCtlPeripheralEnable  
00000a11  GPIODirModeSet          
00000a3b  GPIOPinTypeGPIOOutput   
00000a55  _args_main              
00000a6d  Lcd_Write_String        
00000a81  _register_unlock        
00000a87  _register_lock          
00000a8f  _nop                    
00000a95  Lcd_Clear               
00000aa5  UARTCharGetNonBlocking  
00000ab3  UARTCharsAvail          
00000ac1  __TI_decompress_none    
00000acf  __TI_zero_init          
00000adb  delay_ms                
00000ae7  GPIOPinWrite            
00000aed  ResetISR                
00000af3  SysCtlDelay             
00000af9  __TI_decompress_rle24   
00000aff  delay_us                
00000b05  _system_pre_init        
00000b28  __TI_Handler_Table_Base 
00000b34  __TI_Handler_Table_Limit
00000b40  __TI_CINIT_Base         
00000b50  __TI_CINIT_Limit        
20000000  __stack                 
20000200  __STACK_END             
20000200  __STACK_TOP             
20000200  _lock                   
20000204  _unlock                 
20000208  __TI_cleanup_ptr        
2000020c  __TI_dtors_ptr          
20000210  main_func_sp            
20000214  g_ui32SysClock          
ffffffff  __binit__               
ffffffff  __c_args__              
ffffffff  binit                   
UNDEFED   SHT$$INIT_ARRAY$$Base   
UNDEFED   SHT$$INIT_ARRAY$$Limit  

[66 symbols]
