******************************************************************************
                  TI ARM Linker PC v5.2.9                      
******************************************************************************
>> Linked Thu Dec 21 15:39:00 2023

OUTPUT FILE NAME:   <LCD_uart.out>
ENTRY POINT SYMBOL: "_c_int00"  address: 00001a91


MEMORY CONFIGURATION

         name            origin    length      used     unused   attr    fill
----------------------  --------  ---------  --------  --------  ----  --------
  FLASH                 00000000   00040000  0000202d  0003dfd3  R  X
  SRAM                  20000000   00008000  000003b8  00007c48  RW X


SEGMENT ALLOCATION MAP

run origin  load origin   length   init length attrs members
----------  ----------- ---------- ----------- ----- -------
00000000    00000000    00002034   00002034    r-x
  00000000    00000000    0000026c   0000026c    r-- .intvecs
  0000026c    0000026c    00001c94   00001c94    r-x .text
  00001f00    00001f00    000000b9   000000b9    r-- .const
  00001fc0    00001fc0    00000074   00000074    r-- .cinit
20000000    20000000    000003b8   00000000    rw-
  20000000    20000000    00000200   00000000    rw- .stack
  20000200    20000200    000001b8   00000000    rw- .data


SECTION ALLOCATION MAP

 output                                  attributes/
section   page    origin      length       input sections
--------  ----  ----------  ----------   ----------------
.intvecs   0    00000000    0000026c     
                  00000000    0000026c     startup_ccs.obj (.intvecs)

.text      0    0000026c    00001c94     
                  0000026c    00000498     rtsv7M4_T_le_v4SPD16_eabi.lib : pow.obj (.text)
                  00000704    000002ec                                   : xlog.obj (.text)
                  000009f0    000001fc                                   : xexp.obj (.text)
                  00000bec    000001b6                                   : fd_add_t2.obj (.text)
                  00000da2    00000002     startup_ccs.obj (.text:FaultISR)
                  00000da4    00000138     main_lcd.obj (.text:main)
                  00000edc    00000136     rtsv7M4_T_le_v4SPD16_eabi.lib : fd_div_t2.obj (.text)
                  00001012    00000132     driverlib.lib : gpio.obj (.text:GPIOPadConfigSet)
                  00001144    00000110     rtsv7M4_T_le_v4SPD16_eabi.lib : xdscale.obj (.text)
                  00001254    000000fc                                   : fd_mul_t2.obj (.text)
                  00001350    000000f4     driverlib.lib : sysctl.obj (.text:SysCtlClockSet)
                  00001444    000000c0     rtsv7M4_T_le_v4SPD16_eabi.lib : xdint.obj (.text)
                  00001504    000000be                                   : xdnorm.obj (.text)
                  000015c2    0000009c                                   : memcpy_t2.obj (.text)
                  0000165e    00000086                                   : fd_cmp_t2.obj (.text:__aeabi_cdcmple)
                  000016e4    00000084     aux_functions.obj (.text:ftoa)
                  00001768    0000007a     rtsv7M4_T_le_v4SPD16_eabi.lib : memset_t2.obj (.text)
                  000017e2    0000006e                                   : fd_tos_t2.obj (.text)
                  00001850    0000006c                                   : autoinit.obj (.text)
                  000018bc    0000006a                                   : copy_decompress_rle.obj (.text)
                  00001926    00000066                                   : xdunscal.obj (.text)
                  0000198c    00000058     LCD.obj (.text:Lcd_Init)
                  000019e4    00000058     LCD.obj (.text:Lcd_Write_Char)
                  00001a3c    00000054     LCD.obj (.text:Lcd_Port)
                  00001a90    00000050     rtsv7M4_T_le_v4SPD16_eabi.lib : boot.obj (.text)
                  00001ae0    0000004c                                   : cpy_tbl.obj (.text)
                  00001b2c    00000048     aux_functions.obj (.text:intToStr)
                  00001b74    00000048     rtsv7M4_T_le_v4SPD16_eabi.lib : fd_toi_t2.obj (.text)
                  00001bbc    00000044                                   : exit.obj (.text)
                  00001c00    00000040                                   : signal.obj (.text)
                  00001c40    0000003c     LCD.obj (.text:Lcd_Cmd)
                  00001c7c    00000038     driverlib.lib : sysctl.obj (.text:SysCtlPeripheralReady)
                  00001cb4    00000038     rtsv7M4_T_le_v4SPD16_eabi.lib : fs_tod_t2.obj (.text)
                  00001cec    00000034     driverlib.lib : sysctl.obj (.text:SysCtlPeripheralEnable)
                  00001d20    00000034     rtsv7M4_T_le_v4SPD16_eabi.lib : feraiseexcept.obj (.text)
                  00001d54    00000030                                   : xferaise.obj (.text)
                  00001d84    0000002e                                   : i_tofd_t2.obj (.text)
                  00001db2    0000002e                                   : raise.obj (.text)
                  00001de0    0000002a     driverlib.lib : gpio.obj (.text:GPIODirModeSet)
                  00001e0a    00000026     aux_functions.obj (.text:reverse)
                  00001e30    0000001a     rtsv7M4_T_le_v4SPD16_eabi.lib : log.obj (.text)
                  00001e4a    00000018     driverlib.lib : gpio.obj (.text:GPIOPinTypeGPIOOutput)
                  00001e62    00000002     startup_ccs.obj (.text:IntDefaultHandler)
                  00001e64    00000018     rtsv7M4_T_le_v4SPD16_eabi.lib : args_main.obj (.text)
                  00001e7c    00000014     LCD.obj (.text:Lcd_Write_String)
                  00001e90    00000014     rtsv7M4_T_le_v4SPD16_eabi.lib : _lock.obj (.text)
                  00001ea4    00000010     LCD.obj (.text:Lcd_Clear)
                  00001eb4    0000000e     driverlib.lib : uart.obj (.text:UARTCharsAvail)
                  00001ec2    0000000e     rtsv7M4_T_le_v4SPD16_eabi.lib : copy_decompress_none.obj (.text:decompress:none)
                  00001ed0    0000000c     LCD.obj (.text:delay_ms)
                  00001edc    00000006     driverlib.lib : gpio.obj (.text:GPIOPinWrite)
                  00001ee2    00000006     startup_ccs.obj (.text:ResetISR)
                  00001ee8    00000006     driverlib.lib : sysctl.obj (.text:SysCtlDelay)
                  00001eee    00000006     rtsv7M4_T_le_v4SPD16_eabi.lib : copy_decompress_rle.obj (.text:decompress:rle24)
                  00001ef4    00000006     LCD.obj (.text:delay_us)
                  00001efa    00000004     rtsv7M4_T_le_v4SPD16_eabi.lib : pre_init.obj (.text)
                  00001efe    00000002     startup_ccs.obj (.text:NmiSR)

.const     0    00001f00    000000b9     
                  00001f00    00000048     rtsv7M4_T_le_v4SPD16_eabi.lib : xexp.obj (.const)
                  00001f48    00000038                                   : xlog.obj (.const:p)
                  00001f80    00000030                                   : xdint.obj (.const)
                  00001fb0    00000009     main_lcd.obj (.const:.string)

.cinit     0    00001fc0    00000074     
                  00001fc0    00000063     (.cinit..data.load) [load image, compression = rle]
                  00002023    00000001     --HOLE-- [fill = 0]
                  00002024    00000008     (__TI_handler_table)
                  0000202c    00000008     (__TI_cinit_table)

.init_array 
*          0    00000000    00000000     UNINITIALIZED

.stack     0    20000000    00000200     UNINITIALIZED
                  20000000    00000200     --HOLE--

.data      0    20000200    000001b8     UNINITIALIZED
                  20000200    000000b0     rtsv7M4_T_le_v4SPD16_eabi.lib : signal.obj (.data:sigtable)
                  200002b0    00000080                                   : xvalues.obj (.data)
                  20000330    00000068                                   : xfvalues.obj (.data)
                  20000398    00000008                                   : _lock.obj (.data)
                  200003a0    00000008                                   : exit.obj (.data)
                  200003a8    00000008                                   : feraiseexcept.obj (.data)
                  200003b0    00000004                                   : errno.obj (.data)
                  200003b4    00000004                                   : stkdepth_vars.obj (.data)

.TI.persistent 
*          0    20000200    00000000     UNINITIALIZED


LINKER GENERATED COPY TABLES

__TI_cinit_table @ 0000202c records: 1, size/record: 8, table size: 8
	.data: load addr=00001fc0, load size=00000063 bytes, run addr=20000200, run size=000001b8 bytes, compression=rle


LINKER GENERATED HANDLER TABLE

__TI_handler_table @ 00002024 records: 2, size/record: 4, table size: 8
	index: 0, handler: __TI_decompress_rle24
	index: 1, handler: __TI_decompress_none


GLOBAL SYMBOLS: SORTED ALPHABETICALLY BY Name 

address   name                    
-------   ----                    
00001bbd  C$$EXIT                 
00001de1  GPIODirModeSet          
00001013  GPIOPadConfigSet        
00001e4b  GPIOPinTypeGPIOOutput   
00001edd  GPIOPinWrite            
00001ea5  Lcd_Clear               
00001c41  Lcd_Cmd                 
0000198d  Lcd_Init                
00001a3d  Lcd_Port                
000019e5  Lcd_Write_Char          
00001e7d  Lcd_Write_String        
00001ee3  ResetISR                
UNDEFED   SHT$$INIT_ARRAY$$Base   
UNDEFED   SHT$$INIT_ARRAY$$Limit  
00001351  SysCtlClockSet          
00001ee9  SysCtlDelay             
00001ced  SysCtlPeripheralEnable  
00001c7d  SysCtlPeripheralReady   
00001eb5  UARTCharsAvail          
200002b0  _Denorm                 
00001445  _Dint                   
00001505  _Dnorm                  
00001145  _Dscale                 
00001927  _Dunscale               
200002c0  _Eps                    
200003b0  _Errno                  
000009f1  _Exp                    
20000330  _FDenorm                
20000340  _FEps                   
20000350  _FInf                   
20000360  _FNan                   
20000380  _FRteps                 
20000370  _FSnan                  
20000390  _FXbig                  
20000394  _FZero                  
200003a8  _Fenv                   
00001d55  _Feraise                
200002d0  _Hugeval                
200002e0  _Inf                    
00000705  _Log                    
200002f0  _Nan                    
20000310  _Rteps                  
20000300  _Snan                   
200003ac  _Tls_setup__Fenv        
20000320  _Xbig                   
20000328  _Zero                   
20000200  __STACK_END             
00000200  __STACK_SIZE            
20000200  __STACK_TOP             
0000202c  __TI_CINIT_Base         
00002034  __TI_CINIT_Limit        
00002024  __TI_Handler_Table_Base 
0000202c  __TI_Handler_Table_Limit
00001851  __TI_auto_init          
200003a0  __TI_cleanup_ptr        
00001ec3  __TI_decompress_none    
00001eef  __TI_decompress_rle24   
200003a4  __TI_dtors_ptr          
00000000  __TI_static_base__      
0000165f  __aeabi_cdcmpeq         
0000165f  __aeabi_cdcmple         
000017e3  __aeabi_d2f             
00001b75  __aeabi_d2iz            
00000bf7  __aeabi_dadd            
00000edd  __aeabi_ddiv            
00001255  __aeabi_dmul            
00000bed  __aeabi_dsub            
00001cb5  __aeabi_f2d             
00001d85  __aeabi_i2d             
00001769  __aeabi_memclr          
00001769  __aeabi_memclr4         
00001769  __aeabi_memclr8         
000015c3  __aeabi_memcpy          
000015c3  __aeabi_memcpy4         
000015c3  __aeabi_memcpy8         
0000176b  __aeabi_memset          
0000176b  __aeabi_memset4         
0000176b  __aeabi_memset8         
ffffffff  __binit__               
ffffffff  __c_args__              
20000000  __stack                 
00001e65  _args_main              
00001a91  _c_int00                
20000398  _lock                   
00001e9f  _nop                    
00001e97  _register_lock          
00001e91  _register_unlock        
00001efb  _system_pre_init        
2000039c  _unlock                 
00001bc1  abort                   
ffffffff  binit                   
00001ae1  copy_in                 
00001ed1  delay_ms                
00001ef5  delay_us                
00001bc9  exit                    
00001d21  feraiseexcept           
000016e5  ftoa                    
00000000  g_pfnVectors            
00001b2d  intToStr                
00001e31  log                     
00000da5  main                    
200003b4  main_func_sp            
000015c3  memcpy                  
00001771  memset                  
0000026d  pow                     
00001db3  raise                   
00001e0b  reverse                 
00001c01  signal                  


GLOBAL SYMBOLS: SORTED BY Symbol Address 

address   name                    
-------   ----                    
00000000  __TI_static_base__      
00000000  g_pfnVectors            
00000200  __STACK_SIZE            
0000026d  pow                     
00000705  _Log                    
000009f1  _Exp                    
00000bed  __aeabi_dsub            
00000bf7  __aeabi_dadd            
00000da5  main                    
00000edd  __aeabi_ddiv            
00001013  GPIOPadConfigSet        
00001145  _Dscale                 
00001255  __aeabi_dmul            
00001351  SysCtlClockSet          
00001445  _Dint                   
00001505  _Dnorm                  
000015c3  __aeabi_memcpy          
000015c3  __aeabi_memcpy4         
000015c3  __aeabi_memcpy8         
000015c3  memcpy                  
0000165f  __aeabi_cdcmpeq         
0000165f  __aeabi_cdcmple         
000016e5  ftoa                    
00001769  __aeabi_memclr          
00001769  __aeabi_memclr4         
00001769  __aeabi_memclr8         
0000176b  __aeabi_memset          
0000176b  __aeabi_memset4         
0000176b  __aeabi_memset8         
00001771  memset                  
000017e3  __aeabi_d2f             
00001851  __TI_auto_init          
00001927  _Dunscale               
0000198d  Lcd_Init                
000019e5  Lcd_Write_Char          
00001a3d  Lcd_Port                
00001a91  _c_int00                
00001ae1  copy_in                 
00001b2d  intToStr                
00001b75  __aeabi_d2iz            
00001bbd  C$$EXIT                 
00001bc1  abort                   
00001bc9  exit                    
00001c01  signal                  
00001c41  Lcd_Cmd                 
00001c7d  SysCtlPeripheralReady   
00001cb5  __aeabi_f2d             
00001ced  SysCtlPeripheralEnable  
00001d21  feraiseexcept           
00001d55  _Feraise                
00001d85  __aeabi_i2d             
00001db3  raise                   
00001de1  GPIODirModeSet          
00001e0b  reverse                 
00001e31  log                     
00001e4b  GPIOPinTypeGPIOOutput   
00001e65  _args_main              
00001e7d  Lcd_Write_String        
00001e91  _register_unlock        
00001e97  _register_lock          
00001e9f  _nop                    
00001ea5  Lcd_Clear               
00001eb5  UARTCharsAvail          
00001ec3  __TI_decompress_none    
00001ed1  delay_ms                
00001edd  GPIOPinWrite            
00001ee3  ResetISR                
00001ee9  SysCtlDelay             
00001eef  __TI_decompress_rle24   
00001ef5  delay_us                
00001efb  _system_pre_init        
00002024  __TI_Handler_Table_Base 
0000202c  __TI_CINIT_Base         
0000202c  __TI_Handler_Table_Limit
00002034  __TI_CINIT_Limit        
20000000  __stack                 
20000200  __STACK_END             
20000200  __STACK_TOP             
200002b0  _Denorm                 
200002c0  _Eps                    
200002d0  _Hugeval                
200002e0  _Inf                    
200002f0  _Nan                    
20000300  _Snan                   
20000310  _Rteps                  
20000320  _Xbig                   
20000328  _Zero                   
20000330  _FDenorm                
20000340  _FEps                   
20000350  _FInf                   
20000360  _FNan                   
20000370  _FSnan                  
20000380  _FRteps                 
20000390  _FXbig                  
20000394  _FZero                  
20000398  _lock                   
2000039c  _unlock                 
200003a0  __TI_cleanup_ptr        
200003a4  __TI_dtors_ptr          
200003a8  _Fenv                   
200003ac  _Tls_setup__Fenv        
200003b0  _Errno                  
200003b4  main_func_sp            
ffffffff  __binit__               
ffffffff  __c_args__              
ffffffff  binit                   
UNDEFED   SHT$$INIT_ARRAY$$Base   
UNDEFED   SHT$$INIT_ARRAY$$Limit  

[108 symbols]
