******************************************************************************
                  TI ARM Linker PC v5.2.9                      
******************************************************************************
>> Linked Tue Dec 12 11:12:59 2023

OUTPUT FILE NAME:   <LCD_working.out>
ENTRY POINT SYMBOL: "_c_int00"  address: 000007e5


MEMORY CONFIGURATION

         name            origin    length      used     unused   attr    fill
----------------------  --------  ---------  --------  --------  ----  --------
  FLASH                 00000000   00040000  00000a2d  0003f5d3  R  X
  SRAM                  20000000   00008000  00000214  00007dec  RW X


SEGMENT ALLOCATION MAP

run origin  load origin   length   init length attrs members
----------  ----------- ---------- ----------- ----- -------
00000000    00000000    00000a30   00000a30    r-x
  00000000    00000000    0000026c   0000026c    r-- .intvecs
  0000026c    0000026c    00000798   00000798    r-x .text
  00000a04    00000a04    00000009   00000009    r-- .const
  00000a10    00000a10    00000020   00000020    r-- .cinit
20000000    20000000    00000214   00000000    rw-
  20000000    20000000    00000200   00000000    rw- .stack
  20000200    20000200    00000014   00000000    rw- .data


SECTION ALLOCATION MAP

 output                                  attributes/
section   page    origin      length       input sections
--------  ----  ----------  ----------   ----------------
.intvecs   0    00000000    0000026c     
                  00000000    0000026c     startup_ccs.obj (.intvecs)

.text      0    0000026c    00000798     
                  0000026c    00000132     driverlib.lib : gpio.obj (.text:GPIOPadConfigSet)
                  0000039e    00000002     startup_ccs.obj (.text:FaultISR)
                  000003a0    000000f4     driverlib.lib : sysctl.obj (.text:SysCtlClockSet)
                  00000494    0000009c     rtsv7M4_T_le_v4SPD16_eabi.lib : memcpy_t2.obj (.text)
                  00000530    0000007a                                   : memset_t2.obj (.text)
                  000005aa    00000002     startup_ccs.obj (.text:IntDefaultHandler)
                  000005ac    0000006c     rtsv7M4_T_le_v4SPD16_eabi.lib : autoinit.obj (.text)
                  00000618    0000006a                                   : copy_decompress_rle.obj (.text)
                  00000682    00000002     startup_ccs.obj (.text:NmiSR)
                  00000684    0000005c     main_lcd.obj (.text:main)
                  000006e0    00000058     LCD.obj (.text:Lcd_Init)
                  00000738    00000058     LCD.obj (.text:Lcd_Write_Char)
                  00000790    00000054     LCD.obj (.text:Lcd_Port)
                  000007e4    00000050     rtsv7M4_T_le_v4SPD16_eabi.lib : boot.obj (.text)
                  00000834    0000004c                                   : cpy_tbl.obj (.text)
                  00000880    00000044                                   : exit.obj (.text)
                  000008c4    0000003c     LCD.obj (.text:Lcd_Cmd)
                  00000900    00000034     driverlib.lib : sysctl.obj (.text:SysCtlPeripheralEnable)
                  00000934    0000002a                   : gpio.obj (.text:GPIODirModeSet)
                  0000095e    00000018                   : gpio.obj (.text:GPIOPinTypeGPIOOutput)
                  00000976    00000002     --HOLE-- [fill = 0]
                  00000978    00000018     rtsv7M4_T_le_v4SPD16_eabi.lib : args_main.obj (.text)
                  00000990    00000014     LCD.obj (.text:Lcd_Write_String)
                  000009a4    00000014     rtsv7M4_T_le_v4SPD16_eabi.lib : _lock.obj (.text)
                  000009b8    00000010     LCD.obj (.text:Lcd_Clear)
                  000009c8    0000000e     rtsv7M4_T_le_v4SPD16_eabi.lib : copy_decompress_none.obj (.text:decompress:none)
                  000009d6    0000000c     LCD.obj (.text:delay_ms)
                  000009e2    00000006     driverlib.lib : gpio.obj (.text:GPIOPinWrite)
                  000009e8    00000006     startup_ccs.obj (.text:ResetISR)
                  000009ee    00000006     driverlib.lib : sysctl.obj (.text:SysCtlDelay)
                  000009f4    00000006     rtsv7M4_T_le_v4SPD16_eabi.lib : copy_decompress_rle.obj (.text:decompress:rle24)
                  000009fa    00000006     LCD.obj (.text:delay_us)
                  00000a00    00000004     rtsv7M4_T_le_v4SPD16_eabi.lib : pre_init.obj (.text)

.const     0    00000a04    00000009     
                  00000a04    00000009     main_lcd.obj (.const:.string)

.cinit     0    00000a10    00000020     
                  00000a10    0000000f     (.cinit..data.load) [load image, compression = rle]
                  00000a1f    00000001     --HOLE-- [fill = 0]
                  00000a20    00000008     (__TI_handler_table)
                  00000a28    00000008     (__TI_cinit_table)

.init_array 
*          0    00000000    00000000     UNINITIALIZED

.stack     0    20000000    00000200     UNINITIALIZED
                  20000000    00000200     --HOLE--

.data      0    20000200    00000014     UNINITIALIZED
                  20000200    00000008     rtsv7M4_T_le_v4SPD16_eabi.lib : _lock.obj (.data)
                  20000208    00000008                                   : exit.obj (.data)
                  20000210    00000004                                   : stkdepth_vars.obj (.data)

.TI.persistent 
*          0    20000200    00000000     UNINITIALIZED


LINKER GENERATED COPY TABLES

__TI_cinit_table @ 00000a28 records: 1, size/record: 8, table size: 8
	.data: load addr=00000a10, load size=0000000f bytes, run addr=20000200, run size=00000014 bytes, compression=rle


LINKER GENERATED HANDLER TABLE

__TI_handler_table @ 00000a20 records: 2, size/record: 4, table size: 8
	index: 0, handler: __TI_decompress_rle24
	index: 1, handler: __TI_decompress_none


GLOBAL SYMBOLS: SORTED ALPHABETICALLY BY Name 

address   name                    
-------   ----                    
00000881  C$$EXIT                 
00000935  GPIODirModeSet          
0000026d  GPIOPadConfigSet        
0000095f  GPIOPinTypeGPIOOutput   
000009e3  GPIOPinWrite            
000009b9  Lcd_Clear               
000008c5  Lcd_Cmd                 
000006e1  Lcd_Init                
00000791  Lcd_Port                
00000739  Lcd_Write_Char          
00000991  Lcd_Write_String        
000009e9  ResetISR                
UNDEFED   SHT$$INIT_ARRAY$$Base   
UNDEFED   SHT$$INIT_ARRAY$$Limit  
000003a1  SysCtlClockSet          
000009ef  SysCtlDelay             
00000901  SysCtlPeripheralEnable  
20000200  __STACK_END             
00000200  __STACK_SIZE            
20000200  __STACK_TOP             
00000a28  __TI_CINIT_Base         
00000a30  __TI_CINIT_Limit        
00000a20  __TI_Handler_Table_Base 
00000a28  __TI_Handler_Table_Limit
000005ad  __TI_auto_init          
20000208  __TI_cleanup_ptr        
000009c9  __TI_decompress_none    
000009f5  __TI_decompress_rle24   
2000020c  __TI_dtors_ptr          
00000000  __TI_static_base__      
00000531  __aeabi_memclr          
00000531  __aeabi_memclr4         
00000531  __aeabi_memclr8         
00000495  __aeabi_memcpy          
00000495  __aeabi_memcpy4         
00000495  __aeabi_memcpy8         
00000533  __aeabi_memset          
00000533  __aeabi_memset4         
00000533  __aeabi_memset8         
ffffffff  __binit__               
ffffffff  __c_args__              
20000000  __stack                 
00000979  _args_main              
000007e5  _c_int00                
20000200  _lock                   
000009b3  _nop                    
000009ab  _register_lock          
000009a5  _register_unlock        
00000a01  _system_pre_init        
20000204  _unlock                 
00000885  abort                   
ffffffff  binit                   
00000835  copy_in                 
000009d7  delay_ms                
000009fb  delay_us                
0000088d  exit                    
00000000  g_pfnVectors            
00000685  main                    
20000210  main_func_sp            
00000495  memcpy                  
00000539  memset                  


GLOBAL SYMBOLS: SORTED BY Symbol Address 

address   name                    
-------   ----                    
00000000  __TI_static_base__      
00000000  g_pfnVectors            
00000200  __STACK_SIZE            
0000026d  GPIOPadConfigSet        
000003a1  SysCtlClockSet          
00000495  __aeabi_memcpy          
00000495  __aeabi_memcpy4         
00000495  __aeabi_memcpy8         
00000495  memcpy                  
00000531  __aeabi_memclr          
00000531  __aeabi_memclr4         
00000531  __aeabi_memclr8         
00000533  __aeabi_memset          
00000533  __aeabi_memset4         
00000533  __aeabi_memset8         
00000539  memset                  
000005ad  __TI_auto_init          
00000685  main                    
000006e1  Lcd_Init                
00000739  Lcd_Write_Char          
00000791  Lcd_Port                
000007e5  _c_int00                
00000835  copy_in                 
00000881  C$$EXIT                 
00000885  abort                   
0000088d  exit                    
000008c5  Lcd_Cmd                 
00000901  SysCtlPeripheralEnable  
00000935  GPIODirModeSet          
0000095f  GPIOPinTypeGPIOOutput   
00000979  _args_main              
00000991  Lcd_Write_String        
000009a5  _register_unlock        
000009ab  _register_lock          
000009b3  _nop                    
000009b9  Lcd_Clear               
000009c9  __TI_decompress_none    
000009d7  delay_ms                
000009e3  GPIOPinWrite            
000009e9  ResetISR                
000009ef  SysCtlDelay             
000009f5  __TI_decompress_rle24   
000009fb  delay_us                
00000a01  _system_pre_init        
00000a20  __TI_Handler_Table_Base 
00000a28  __TI_CINIT_Base         
00000a28  __TI_Handler_Table_Limit
00000a30  __TI_CINIT_Limit        
20000000  __stack                 
20000200  __STACK_END             
20000200  __STACK_TOP             
20000200  _lock                   
20000204  _unlock                 
20000208  __TI_cleanup_ptr        
2000020c  __TI_dtors_ptr          
20000210  main_func_sp            
ffffffff  __binit__               
ffffffff  __c_args__              
ffffffff  binit                   
UNDEFED   SHT$$INIT_ARRAY$$Base   
UNDEFED   SHT$$INIT_ARRAY$$Limit  

[61 symbols]
