******************************************************************************
                  TI ARM Linker PC v5.2.9                      
******************************************************************************
>> Linked Thu Dec 14 14:45:49 2023

OUTPUT FILE NAME:   <blinky.out>
ENTRY POINT SYMBOL: "_c_int00"  address: 00001c29


MEMORY CONFIGURATION

         name            origin    length      used     unused   attr    fill
----------------------  --------  ---------  --------  --------  ----  --------
  FLASH                 00000000   00040000  000023a7  0003dc59  R  X
  SRAM                  20000000   00008000  000003b8  00007c48  RW X


SEGMENT ALLOCATION MAP

run origin  load origin   length   init length attrs members
----------  ----------- ---------- ----------- ----- -------
00000000    00000000    000023ac   000023ac    r-x
  00000000    00000000    0000026c   0000026c    r-- .intvecs
  0000026c    0000026c    00001f0a   00001f0a    r-x .text
  00002178    00002178    000001bd   000001bd    r-- .const
  00002338    00002338    00000074   00000074    r-- .cinit
20000000    20000000    000003b8   00000000    rw-
  20000000    20000000    00000200   00000000    rw- .stack
  20000200    20000200    000001b8   00000000    rw- .data


SECTION ALLOCATION MAP

 output                                  attributes/
section   page    origin      length       input sections
--------  ----  ----------  ----------   ----------------
.intvecs   0    00000000    0000026c     
                  00000000    0000026c     startup_ccs.obj (.intvecs)

.text      0    0000026c    00001f0a     
                  0000026c    00000498     rtsv7M4_T_le_v4SPD16_eabi.lib : pow.obj (.text)
                  00000704    000002ec                                   : xlog.obj (.text)
                  000009f0    000001fc                                   : xexp.obj (.text)
                  00000bec    000001b6                                   : fd_add_t2.obj (.text)
                  00000da2    00000136                                   : fd_div_t2.obj (.text)
                  00000ed8    00000132     driverlib.lib : gpio.obj (.text:GPIOPadConfigSet)
                  0000100a    00000002     startup_ccs.obj (.text:FaultISR)
                  0000100c    00000110     driverlib.lib : sysctl.obj (.text:SysCtlClockGet)
                  0000111c    00000110     rtsv7M4_T_le_v4SPD16_eabi.lib : xdscale.obj (.text)
                  0000122c    000000fc                                   : fd_mul_t2.obj (.text)
                  00001328    000000f4     driverlib.lib : sysctl.obj (.text:SysCtlClockSet)
                  0000141c    000000c0     rtsv7M4_T_le_v4SPD16_eabi.lib : xdint.obj (.text)
                  000014dc    000000be                                   : xdnorm.obj (.text)
                  0000159a    0000009c                                   : memcpy_t2.obj (.text)
                  00001636    00000002     startup_ccs.obj (.text:IntDefaultHandler)
                  00001638    00000098     blinky.obj (.text:main)
                  000016d0    00000086     rtsv7M4_T_le_v4SPD16_eabi.lib : fd_cmp_t2.obj (.text:__aeabi_cdcmple)
                  00001756    00000002     startup_ccs.obj (.text:NmiSR)
                  00001758    00000084     blinky.obj (.text:ftoa)
                  000017dc    0000007a     rtsv7M4_T_le_v4SPD16_eabi.lib : memset_t2.obj (.text)
                  00001856    00000002     --HOLE-- [fill = 0]
                  00001858    00000074     i2c.obj (.text:I2C_Read)
                  000018cc    0000006e     rtsv7M4_T_le_v4SPD16_eabi.lib : fd_tos_t2.obj (.text)
                  0000193a    00000002     --HOLE-- [fill = 0]
                  0000193c    0000006c                                   : autoinit.obj (.text)
                  000019a8    0000006a                                   : copy_decompress_rle.obj (.text)
                  00001a12    00000066                                   : xdunscal.obj (.text)
                  00001a78    0000005c     i2c.obj (.text:I2C_Setup)
                  00001ad4    00000058     LCD.obj (.text:Lcd_Init)
                  00001b2c    00000058     LCD.obj (.text:Lcd_Write_Char)
                  00001b84    00000054     LCD.obj (.text:Lcd_Port)
                  00001bd8    00000050     driverlib.lib : sysctl.obj (.text:SysCtlPeripheralReset)
                  00001c28    00000050     rtsv7M4_T_le_v4SPD16_eabi.lib : boot.obj (.text)
                  00001c78    0000004c     driverlib.lib : i2c.obj (.text:I2CMasterInitExpClk)
                  00001cc4    0000004c     rtsv7M4_T_le_v4SPD16_eabi.lib : cpy_tbl.obj (.text)
                  00001d10    00000048     driverlib.lib : gpio.obj (.text:GPIOPinConfigure)
                  00001d58    00000048     i2c.obj (.text:I2C_Config)
                  00001da0    00000048     blinky.obj (.text:intToStr)
                  00001de8    00000048     rtsv7M4_T_le_v4SPD16_eabi.lib : fd_toi_t2.obj (.text)
                  00001e30    00000044                                   : exit.obj (.text)
                  00001e74    00000040                                   : signal.obj (.text)
                  00001eb4    0000003c     LCD.obj (.text:Lcd_Cmd)
                  00001ef0    00000038     rtsv7M4_T_le_v4SPD16_eabi.lib : fs_tod_t2.obj (.text)
                  00001f28    00000034     driverlib.lib : sysctl.obj (.text:SysCtlPeripheralEnable)
                  00001f5c    00000034     rtsv7M4_T_le_v4SPD16_eabi.lib : feraiseexcept.obj (.text)
                  00001f90    00000030                                   : xferaise.obj (.text)
                  00001fc0    0000002e                                   : i_tofd_t2.obj (.text)
                  00001fee    0000002e                                   : raise.obj (.text)
                  0000201c    0000002a     driverlib.lib : gpio.obj (.text:GPIODirModeSet)
                  00002046    00000026     blinky.obj (.text:reverse)
                  0000206c    0000001a     rtsv7M4_T_le_v4SPD16_eabi.lib : log.obj (.text)
                  00002086    00000018     driverlib.lib : gpio.obj (.text:GPIOPinTypeGPIOOutput)
                  0000209e    00000002     --HOLE-- [fill = 0]
                  000020a0    00000018     rtsv7M4_T_le_v4SPD16_eabi.lib : args_main.obj (.text)
                  000020b8    00000014     LCD.obj (.text:Lcd_Write_String)
                  000020cc    00000014     rtsv7M4_T_le_v4SPD16_eabi.lib : _lock.obj (.text)
                  000020e0    00000012     driverlib.lib : gpio.obj (.text:GPIOPinTypeI2C)
                  000020f2    00000012                   : gpio.obj (.text:GPIOPinTypeI2CSCL)
                  00002104    00000010     LCD.obj (.text:Lcd_Clear)
                  00002114    0000000e     rtsv7M4_T_le_v4SPD16_eabi.lib : copy_decompress_none.obj (.text:decompress:none)
                  00002122    0000000c     LCD.obj (.text:delay_ms)
                  0000212e    0000000a     driverlib.lib : i2c.obj (.text:I2CMasterEnable)
                  00002138    00000008                   : i2c.obj (.text:I2CMasterBusy)
                  00002140    00000008                   : i2c.obj (.text:I2CMasterSlaveAddrSet)
                  00002148    00000006                   : gpio.obj (.text:GPIOPinWrite)
                  0000214e    00000006     startup_ccs.obj (.text:ResetISR)
                  00002154    00000006     driverlib.lib : sysctl.obj (.text:SysCtlDelay)
                  0000215a    00000006     rtsv7M4_T_le_v4SPD16_eabi.lib : copy_decompress_rle.obj (.text:decompress:rle24)
                  00002160    00000006     LCD.obj (.text:delay_us)
                  00002166    00000004     driverlib.lib : i2c.obj (.text:I2CMasterControl)
                  0000216a    00000004                   : i2c.obj (.text:I2CMasterDataGet)
                  0000216e    00000004                   : i2c.obj (.text:I2CMasterDataPut)
                  00002172    00000004     rtsv7M4_T_le_v4SPD16_eabi.lib : pre_init.obj (.text)

.const     0    00002178    000001bd     
                  00002178    00000090     driverlib.lib : gpio.obj (.const:g_pui32GPIOBaseAddrs)
                  00002208    0000006c                   : sysctl.obj (.const:g_pui32Xtals)
                  00002274    00000004     --HOLE-- [fill = 0]
                  00002278    00000048     rtsv7M4_T_le_v4SPD16_eabi.lib : xexp.obj (.const)
                  000022c0    00000038                                   : xlog.obj (.const:p)
                  000022f8    00000030                                   : xdint.obj (.const)
                  00002328    0000000d     blinky.obj (.const:.string)

.cinit     0    00002338    00000074     
                  00002338    00000063     (.cinit..data.load) [load image, compression = rle]
                  0000239b    00000001     --HOLE-- [fill = 0]
                  0000239c    00000008     (__TI_handler_table)
                  000023a4    00000008     (__TI_cinit_table)

.init_array 
*          0    00000000    00000000     UNINITIALIZED

.stack     0    20000000    00000200     UNINITIALIZED
                  20000000    00000200     --HOLE--

.data      0    20000200    000001b8     UNINITIALIZED
                  20000200    000000b0     rtsv7M4_T_le_v4SPD16_eabi.lib : signal.obj (.data:sigtable)
                  200002b0    00000080                                   : xvalues.obj (.data)
                  20000330    00000068                                   : xfvalues.obj (.data)
                  20000398    00000008                                   : _lock.obj (.data)
                  200003a0    00000008                                   : exit.obj (.data)
                  200003a8    00000008                                   : feraiseexcept.obj (.data)
                  200003b0    00000004                                   : errno.obj (.data)
                  200003b4    00000004                                   : stkdepth_vars.obj (.data)

.TI.persistent 
*          0    20000200    00000000     UNINITIALIZED


LINKER GENERATED COPY TABLES

__TI_cinit_table @ 000023a4 records: 1, size/record: 8, table size: 8
	.data: load addr=00002338, load size=00000063 bytes, run addr=20000200, run size=000001b8 bytes, compression=rle


LINKER GENERATED HANDLER TABLE

__TI_handler_table @ 0000239c records: 2, size/record: 4, table size: 8
	index: 0, handler: __TI_decompress_rle24
	index: 1, handler: __TI_decompress_none


GLOBAL SYMBOLS: SORTED ALPHABETICALLY BY Name 

address   name                    
-------   ----                    
00001e31  C$$EXIT                 
0000201d  GPIODirModeSet          
00000ed9  GPIOPadConfigSet        
00001d11  GPIOPinConfigure        
00002087  GPIOPinTypeGPIOOutput   
000020e1  GPIOPinTypeI2C          
000020f3  GPIOPinTypeI2CSCL       
00002149  GPIOPinWrite            
00002139  I2CMasterBusy           
00002167  I2CMasterControl        
0000216b  I2CMasterDataGet        
0000216f  I2CMasterDataPut        
0000212f  I2CMasterEnable         
00001c79  I2CMasterInitExpClk     
00002141  I2CMasterSlaveAddrSet   
00001d59  I2C_Config              
00001859  I2C_Read                
00001a79  I2C_Setup               
00002105  Lcd_Clear               
00001eb5  Lcd_Cmd                 
00001ad5  Lcd_Init                
00001b85  Lcd_Port                
00001b2d  Lcd_Write_Char          
000020b9  Lcd_Write_String        
0000214f  ResetISR                
UNDEFED   SHT$$INIT_ARRAY$$Base   
UNDEFED   SHT$$INIT_ARRAY$$Limit  
0000100d  SysCtlClockGet          
00001329  SysCtlClockSet          
00002155  SysCtlDelay             
00001f29  SysCtlPeripheralEnable  
00001bd9  SysCtlPeripheralReset   
200002b0  _Denorm                 
0000141d  _Dint                   
000014dd  _Dnorm                  
0000111d  _Dscale                 
00001a13  _Dunscale               
200002c0  _Eps                    
200003b0  _Errno                  
000009f1  _Exp                    
20000330  _FDenorm                
20000340  _FEps                   
20000350  _FInf                   
20000360  _FNan                   
20000380  _FRteps                 
20000370  _FSnan                  
20000390  _FXbig                  
20000394  _FZero                  
200003a8  _Fenv                   
00001f91  _Feraise                
200002d0  _Hugeval                
200002e0  _Inf                    
00000705  _Log                    
200002f0  _Nan                    
20000310  _Rteps                  
20000300  _Snan                   
200003ac  _Tls_setup__Fenv        
20000320  _Xbig                   
20000328  _Zero                   
20000200  __STACK_END             
00000200  __STACK_SIZE            
20000200  __STACK_TOP             
000023a4  __TI_CINIT_Base         
000023ac  __TI_CINIT_Limit        
0000239c  __TI_Handler_Table_Base 
000023a4  __TI_Handler_Table_Limit
0000193d  __TI_auto_init          
200003a0  __TI_cleanup_ptr        
00002115  __TI_decompress_none    
0000215b  __TI_decompress_rle24   
200003a4  __TI_dtors_ptr          
00000000  __TI_static_base__      
000016d1  __aeabi_cdcmpeq         
000016d1  __aeabi_cdcmple         
000018cd  __aeabi_d2f             
00001de9  __aeabi_d2iz            
00000bf7  __aeabi_dadd            
00000da3  __aeabi_ddiv            
0000122d  __aeabi_dmul            
00000bed  __aeabi_dsub            
00001ef1  __aeabi_f2d             
00001fc1  __aeabi_i2d             
000017dd  __aeabi_memclr          
000017dd  __aeabi_memclr4         
000017dd  __aeabi_memclr8         
0000159b  __aeabi_memcpy          
0000159b  __aeabi_memcpy4         
0000159b  __aeabi_memcpy8         
000017df  __aeabi_memset          
000017df  __aeabi_memset4         
000017df  __aeabi_memset8         
ffffffff  __binit__               
ffffffff  __c_args__              
20000000  __stack                 
000020a1  _args_main              
00001c29  _c_int00                
20000398  _lock                   
000020db  _nop                    
000020d3  _register_lock          
000020cd  _register_unlock        
00002173  _system_pre_init        
2000039c  _unlock                 
00001e35  abort                   
ffffffff  binit                   
00001cc5  copy_in                 
00002123  delay_ms                
00002161  delay_us                
00001e3d  exit                    
00001f5d  feraiseexcept           
00001759  ftoa                    
00000000  g_pfnVectors            
00001da1  intToStr                
0000206d  log                     
00001639  main                    
200003b4  main_func_sp            
0000159b  memcpy                  
000017e5  memset                  
0000026d  pow                     
00001fef  raise                   
00002047  reverse                 
00001e75  signal                  


GLOBAL SYMBOLS: SORTED BY Symbol Address 

address   name                    
-------   ----                    
00000000  __TI_static_base__      
00000000  g_pfnVectors            
00000200  __STACK_SIZE            
0000026d  pow                     
00000705  _Log                    
000009f1  _Exp                    
00000bed  __aeabi_dsub            
00000bf7  __aeabi_dadd            
00000da3  __aeabi_ddiv            
00000ed9  GPIOPadConfigSet        
0000100d  SysCtlClockGet          
0000111d  _Dscale                 
0000122d  __aeabi_dmul            
00001329  SysCtlClockSet          
0000141d  _Dint                   
000014dd  _Dnorm                  
0000159b  __aeabi_memcpy          
0000159b  __aeabi_memcpy4         
0000159b  __aeabi_memcpy8         
0000159b  memcpy                  
00001639  main                    
000016d1  __aeabi_cdcmpeq         
000016d1  __aeabi_cdcmple         
00001759  ftoa                    
000017dd  __aeabi_memclr          
000017dd  __aeabi_memclr4         
000017dd  __aeabi_memclr8         
000017df  __aeabi_memset          
000017df  __aeabi_memset4         
000017df  __aeabi_memset8         
000017e5  memset                  
00001859  I2C_Read                
000018cd  __aeabi_d2f             
0000193d  __TI_auto_init          
00001a13  _Dunscale               
00001a79  I2C_Setup               
00001ad5  Lcd_Init                
00001b2d  Lcd_Write_Char          
00001b85  Lcd_Port                
00001bd9  SysCtlPeripheralReset   
00001c29  _c_int00                
00001c79  I2CMasterInitExpClk     
00001cc5  copy_in                 
00001d11  GPIOPinConfigure        
00001d59  I2C_Config              
00001da1  intToStr                
00001de9  __aeabi_d2iz            
00001e31  C$$EXIT                 
00001e35  abort                   
00001e3d  exit                    
00001e75  signal                  
00001eb5  Lcd_Cmd                 
00001ef1  __aeabi_f2d             
00001f29  SysCtlPeripheralEnable  
00001f5d  feraiseexcept           
00001f91  _Feraise                
00001fc1  __aeabi_i2d             
00001fef  raise                   
0000201d  GPIODirModeSet          
00002047  reverse                 
0000206d  log                     
00002087  GPIOPinTypeGPIOOutput   
000020a1  _args_main              
000020b9  Lcd_Write_String        
000020cd  _register_unlock        
000020d3  _register_lock          
000020db  _nop                    
000020e1  GPIOPinTypeI2C          
000020f3  GPIOPinTypeI2CSCL       
00002105  Lcd_Clear               
00002115  __TI_decompress_none    
00002123  delay_ms                
0000212f  I2CMasterEnable         
00002139  I2CMasterBusy           
00002141  I2CMasterSlaveAddrSet   
00002149  GPIOPinWrite            
0000214f  ResetISR                
00002155  SysCtlDelay             
0000215b  __TI_decompress_rle24   
00002161  delay_us                
00002167  I2CMasterControl        
0000216b  I2CMasterDataGet        
0000216f  I2CMasterDataPut        
00002173  _system_pre_init        
0000239c  __TI_Handler_Table_Base 
000023a4  __TI_CINIT_Base         
000023a4  __TI_Handler_Table_Limit
000023ac  __TI_CINIT_Limit        
20000000  __stack                 
20000200  __STACK_END             
20000200  __STACK_TOP             
200002b0  _Denorm                 
200002c0  _Eps                    
200002d0  _Hugeval                
200002e0  _Inf                    
200002f0  _Nan                    
20000300  _Snan                   
20000310  _Rteps                  
20000320  _Xbig                   
20000328  _Zero                   
20000330  _FDenorm                
20000340  _FEps                   
20000350  _FInf                   
20000360  _FNan                   
20000370  _FSnan                  
20000380  _FRteps                 
20000390  _FXbig                  
20000394  _FZero                  
20000398  _lock                   
2000039c  _unlock                 
200003a0  __TI_cleanup_ptr        
200003a4  __TI_dtors_ptr          
200003a8  _Fenv                   
200003ac  _Tls_setup__Fenv        
200003b0  _Errno                  
200003b4  main_func_sp            
ffffffff  __binit__               
ffffffff  __c_args__              
ffffffff  binit                   
UNDEFED   SHT$$INIT_ARRAY$$Base   
UNDEFED   SHT$$INIT_ARRAY$$Limit  

[121 symbols]
